Using pre-set license
Built from '2022.3/staging' branch; Version is '2022.3.58f1 (ed7f6eacb62e) revision 15564654'; Using compiler version '192829333'; Build Type 'Release'
OS: 'Windows 11  (10.0.26100) 64bit CoreSingleLanguage' Language: 'uk' Physical Memory: 32060 MB
BatchMode: 1, IsHumanControllingUs: 0, StartBugReporterOnCrash: 0, Is64bit: 1, IsPro: 1

COMMAND LINE ARGUMENTS:
C:\Program Files\Unity\Hub\Editor\2022.3.58f1\Editor\Unity.exe
-adb2
-batchMode
-noUpm
-name
AssetImportWorker18
-projectPath
C:/Users/evar0/Documents/Horror_game/Horror_game/Horror_game
-logFile
Logs/AssetImportWorker18.log
-srvPort
57361
Successfully changed project path to: C:/Users/evar0/Documents/Horror_game/Horror_game/Horror_game
C:/Users/evar0/Documents/Horror_game/Horror_game/Horror_game
[UnityMemory] Configuration Parameters - Can be set up in boot.config
    "memorysetup-bucket-allocator-granularity=16"
    "memorysetup-bucket-allocator-bucket-count=8"
    "memorysetup-bucket-allocator-block-size=33554432"
    "memorysetup-bucket-allocator-block-count=8"
    "memorysetup-main-allocator-block-size=16777216"
    "memorysetup-thread-allocator-block-size=16777216"
    "memorysetup-gfx-main-allocator-block-size=16777216"
    "memorysetup-gfx-thread-allocator-block-size=16777216"
    "memorysetup-cache-allocator-block-size=4194304"
    "memorysetup-typetree-allocator-block-size=2097152"
    "memorysetup-profiler-bucket-allocator-granularity=16"
    "memorysetup-profiler-bucket-allocator-bucket-count=8"
    "memorysetup-profiler-bucket-allocator-block-size=33554432"
    "memorysetup-profiler-bucket-allocator-block-count=8"
    "memorysetup-profiler-allocator-block-size=16777216"
    "memorysetup-profiler-editor-allocator-block-size=1048576"
    "memorysetup-temp-allocator-size-main=16777216"
    "memorysetup-job-temp-allocator-block-size=2097152"
    "memorysetup-job-temp-allocator-block-size-background=1048576"
    "memorysetup-job-temp-allocator-reduction-small-platforms=262144"
    "memorysetup-allocator-temp-initial-block-size-main=262144"
    "memorysetup-allocator-temp-initial-block-size-worker=262144"
    "memorysetup-temp-allocator-size-background-worker=32768"
    "memorysetup-temp-allocator-size-job-worker=262144"
    "memorysetup-temp-allocator-size-preload-manager=33554432"
    "memorysetup-temp-allocator-size-nav-mesh-worker=65536"
    "memorysetup-temp-allocator-size-audio-worker=65536"
    "memorysetup-temp-allocator-size-cloud-worker=32768"
    "memorysetup-temp-allocator-size-gi-baking-worker=262144"
    "memorysetup-temp-allocator-size-gfx=262144"
Player connection [6460]  Target information:

Player connection [6460]  * "[IP] 192.168.16.124 [Port] 0 [Flags] 2 [Guid] 3310514626 [EditorId] 3310514626 [Version] 1048832 [Id] WindowsEditor(7,LAPTOP-I8QE0GR5) [Debug] 1 [PackageName] WindowsEditor [ProjectName] Editor" 

Player connection [6460] Host joined multi-casting on [225.0.0.222:54997]...
Player connection [6460] Host joined alternative multi-casting on [225.0.0.222:34997]...
Input System module state changed to: Initialized.
[PhysX] Initialized MultithreadedTaskDispatcher with 16 workers.
Refreshing native plugins compatible for Editor in 18.86 ms, found 3 plugins.
Preloading 0 native plugins for Editor in 0.00 ms.
Initialize engine version: 2022.3.58f1 (ed7f6eacb62e)
[Subsystems] Discovering subsystems at path C:/Program Files/Unity/Hub/Editor/2022.3.58f1/Editor/Data/Resources/UnitySubsystems
[Subsystems] Discovering subsystems at path C:/Users/evar0/Documents/Horror_game/Horror_game/Horror_game/Assets
GfxDevice: creating device client; threaded=0; jobified=0
Direct3D:
    Version:  Direct3D 11.0 [level 11.1]
    Renderer: AMD Radeon 780M Graphics (ID=0x1900)
    Vendor:   ATI
    VRAM:     16030 MB
    Driver:   32.0.12030.9
Initialize mono
Mono path[0] = 'C:/Program Files/Unity/Hub/Editor/2022.3.58f1/Editor/Data/Managed'
Mono path[1] = 'C:/Program Files/Unity/Hub/Editor/2022.3.58f1/Editor/Data/MonoBleedingEdge/lib/mono/unityjit-win32'
Mono config path = 'C:/Program Files/Unity/Hub/Editor/2022.3.58f1/Editor/Data/MonoBleedingEdge/etc'
Using monoOptions --debugger-agent=transport=dt_socket,embedding=1,server=y,suspend=n,address=127.0.0.1:56328
Begin MonoManager ReloadAssembly
Registering precompiled unity dll's ...
Register platform support module: C:/Program Files/Unity/Hub/Editor/2022.3.58f1/Editor/Data/PlaybackEngines/WindowsStandaloneSupport/UnityEditor.WindowsStandalone.Extensions.dll
Registered in 0.006076 seconds.
- Loaded All Assemblies, in  0.287 seconds
Native extension for WindowsStandalone target not found
Mono: successfully reloaded assembly
- Finished resetting the current domain, in  0.188 seconds
Domain Reload Profiling: 474ms
	BeginReloadAssembly (95ms)
		ExecutionOrderSort (0ms)
		DisableScriptedObjects (0ms)
		BackupInstance (0ms)
		ReleaseScriptingObjects (0ms)
		CreateAndSetChildDomain (1ms)
	RebuildCommonClasses (30ms)
	RebuildNativeTypeToScriptingClass (8ms)
	initialDomainReloadingComplete (45ms)
	LoadAllAssembliesAndSetupDomain (107ms)
		LoadAssemblies (92ms)
		RebuildTransferFunctionScriptingTraits (0ms)
		AnalyzeDomain (106ms)
			TypeCache.Refresh (105ms)
				TypeCache.ScanAssembly (96ms)
			ScanForSourceGeneratedMonoScriptInfo (0ms)
			ResolveRequiredComponents (0ms)
	FinalizeReload (188ms)
		ReleaseScriptCaches (0ms)
		RebuildScriptCaches (0ms)
		SetupLoadedEditorAssemblies (154ms)
			LogAssemblyErrors (0ms)
			InitializePlatformSupportModulesInManaged (10ms)
			SetLoadedEditorAssemblies (7ms)
			RefreshPlugins (0ms)
			BeforeProcessingInitializeOnLoad (2ms)
			ProcessInitializeOnLoadAttributes (104ms)
			ProcessInitializeOnLoadMethodAttributes (32ms)
			AfterProcessingInitializeOnLoad (0ms)
			EditorAssembliesLoaded (0ms)
		ExecutionOrderSort2 (0ms)
		AwakeInstancesAfterBackupRestoration (0ms)
========================================================================
Worker process is ready to serve import requests
Caller must complete domain reload
Begin MonoManager ReloadAssembly
- Loaded All Assemblies, in  0.582 seconds
Native extension for WindowsStandalone target not found
Mono: successfully reloaded assembly
- Finished resetting the current domain, in  0.549 seconds
Domain Reload Profiling: 1127ms
	BeginReloadAssembly (116ms)
		ExecutionOrderSort (0ms)
		DisableScriptedObjects (4ms)
		BackupInstance (0ms)
		ReleaseScriptingObjects (0ms)
		CreateAndSetChildDomain (21ms)
	RebuildCommonClasses (26ms)
	RebuildNativeTypeToScriptingClass (13ms)
	initialDomainReloadingComplete (39ms)
	LoadAllAssembliesAndSetupDomain (383ms)
		LoadAssemblies (295ms)
		RebuildTransferFunctionScriptingTraits (0ms)
		AnalyzeDomain (153ms)
			TypeCache.Refresh (132ms)
				TypeCache.ScanAssembly (119ms)
			ScanForSourceGeneratedMonoScriptInfo (16ms)
			ResolveRequiredComponents (3ms)
	FinalizeReload (550ms)
		ReleaseScriptCaches (0ms)
		RebuildScriptCaches (0ms)
		SetupLoadedEditorAssemblies (451ms)
			LogAssemblyErrors (0ms)
			InitializePlatformSupportModulesInManaged (5ms)
			SetLoadedEditorAssemblies (4ms)
			RefreshPlugins (0ms)
			BeforeProcessingInitializeOnLoad (70ms)
			ProcessInitializeOnLoadAttributes (256ms)
			ProcessInitializeOnLoadMethodAttributes (110ms)
			AfterProcessingInitializeOnLoad (6ms)
			EditorAssembliesLoaded (0ms)
		ExecutionOrderSort2 (0ms)
		AwakeInstancesAfterBackupRestoration (5ms)
Launched and connected shader compiler UnityShaderCompiler.exe after 0.06 seconds
Refreshing native plugins compatible for Editor in 11.65 ms, found 3 plugins.
Preloading 0 native plugins for Editor in 0.00 ms.
Unloading 4452 Unused Serialized files (Serialized files now loaded: 0)
Unloading 26 unused Assets / (174.7 KB). Loaded Objects now: 4920.
Memory consumption went from 155.7 MB to 155.6 MB.
Total: 5.813900 ms (FindLiveObjects: 0.348900 ms CreateObjectMapping: 0.108100 ms MarkObjects: 5.181200 ms  DeleteObjects: 0.174700 ms)

AssetImportParameters requested are different than current active one (requested -> active):
  custom:container-demuxer-ogg: 62fdf1f143b41e24485cea50d1cbac27 -> 
  custom:video-decoder-ogg-theora: a1e56fd34408186e4bbccfd4996cb3dc -> 
  custom:framework-win-MediaFoundation: 216162199b28c13a410421893ffa2e32 -> 
  custom:CustomObjectIndexerAttribute: 9a22284fe3817be447336de3de66b15e -> 
  custom:container-demuxer-webm: 4f35f7cbe854078d1ac9338744f61a02 -> 
  custom:container-muxer-webm: aa71ff27fc2769a1b78a27578f13a17b -> 
  custom:video-decoder-webm-vp8: 9c59270c3fd7afecdb556c50c9e8de78 -> 
  custom:SearchIndexIgnoredProperties: e643bd26f0fe6173181afceb89e7c659 -> 
  custom:AudioImporter_EditorPlatform: d09bf68614088b80899f8185d706f6e7 -> 
  custom:video-encoder-webm-vp8: eb34c28f22e8b96e1ab97ce403110664 -> 
  custom:audio-decoder-ogg-vorbis: bf7c407c2cedff20999df2af8eb42d56 -> 
  custom:audio-encoder-webm-vorbis: bf7c407c2cedff20999df2af8eb42d56 -> 
========================================================================
Received Import Request.
  Time since last request: 214198.523058 seconds.
  path: Assets/New Solution Studio/PBR Lamps Pack/Large round lamp/Maps (Specular) [Unity]/Scratched/Large_round_lamp_diffuse.png
  artifactKey: Guid(40896bf2d6a49444bbb856b9f77a27ae) Importer(815301076,1909f56bfc062723c751e8b465ee728b)
Start importing Assets/New Solution Studio/PBR Lamps Pack/Large round lamp/Maps (Specular) [Unity]/Scratched/Large_round_lamp_diffuse.png using Guid(40896bf2d6a49444bbb856b9f77a27ae) Importer(815301076,1909f56bfc062723c751e8b465ee728b) [PhysX] Initialized MultithreadedTaskDispatcher with 16 workers.
[PhysX] Initialized MultithreadedTaskDispatcher with 16 workers.
 -> (artifact id: 'f7a9653324da9f070932dfc646ea279c') in 0.082520 seconds
Number of updated asset objects reloaded before import = 0
Number of asset objects unloaded after import = 2
========================================================================
Received Import Request.
  Time since last request: 0.000021 seconds.
  path: Assets/New Solution Studio/PBR Lamps Pack/Small roof lamp/Maps (Specular) [Unity]/Small_roof_lamp_specular.png
  artifactKey: Guid(9b6501c065ddfee49818de379be6277f) Importer(815301076,1909f56bfc062723c751e8b465ee728b)
Start importing Assets/New Solution Studio/PBR Lamps Pack/Small roof lamp/Maps (Specular) [Unity]/Small_roof_lamp_specular.png using Guid(9b6501c065ddfee49818de379be6277f) Importer(815301076,1909f56bfc062723c751e8b465ee728b) [PhysX] Initialized MultithreadedTaskDispatcher with 16 workers.
[PhysX] Initialized MultithreadedTaskDispatcher with 16 workers.
 -> (artifact id: '9ec25b102925ee1a0bb9d179412f8a4c') in 0.030171 seconds
Number of updated asset objects reloaded before import = 0
Number of asset objects unloaded after import = 2
========================================================================
Received Import Request.
  Time since last request: 0.000038 seconds.
  path: Assets/New Solution Studio/PBR Lamps Pack/Large round lamp/Maps (Specular) [Unity]/Scratched/Large_round_lamp_emissive.png
  artifactKey: Guid(230c6c452b4a11a43b63e83acf8545ec) Importer(815301076,1909f56bfc062723c751e8b465ee728b)
Start importing Assets/New Solution Studio/PBR Lamps Pack/Large round lamp/Maps (Specular) [Unity]/Scratched/Large_round_lamp_emissive.png using Guid(230c6c452b4a11a43b63e83acf8545ec) Importer(815301076,1909f56bfc062723c751e8b465ee728b) [PhysX] Initialized MultithreadedTaskDispatcher with 16 workers.
[PhysX] Initialized MultithreadedTaskDispatcher with 16 workers.
 -> (artifact id: '261f67fb41d25be45ad4595e77aa115c') in 0.018073 seconds
Number of updated asset objects reloaded before import = 0
Number of asset objects unloaded after import = 2
========================================================================
Received Import Request.
  Time since last request: 0.000021 seconds.
  path: Assets/New Solution Studio/PBR Lamps Pack/Small roof lamp/Maps (Specular) [Unity]/Small_roof_lamp_emissive.png
  artifactKey: Guid(d3ac9e39146a9fe448d415fd7eafb07c) Importer(815301076,1909f56bfc062723c751e8b465ee728b)
Start importing Assets/New Solution Studio/PBR Lamps Pack/Small roof lamp/Maps (Specular) [Unity]/Small_roof_lamp_emissive.png using Guid(d3ac9e39146a9fe448d415fd7eafb07c) Importer(815301076,1909f56bfc062723c751e8b465ee728b) [PhysX] Initialized MultithreadedTaskDispatcher with 16 workers.
[PhysX] Initialized MultithreadedTaskDispatcher with 16 workers.
 -> (artifact id: '75ff660f39e7a419e7bc07a30a92c553') in 0.017739 seconds
Number of updated asset objects reloaded before import = 0
Number of asset objects unloaded after import = 2
========================================================================
Received Import Request.
  Time since last request: 0.000028 seconds.
  path: Assets/New Solution Studio/PBR Lamps Pack/Large round lamp/Maps (Specular) [Unity]/Clean/Large_round_lamp_normal.png
  artifactKey: Guid(6c4d395531e335b4d9f7e2edad0d373e) Importer(815301076,1909f56bfc062723c751e8b465ee728b)
Start importing Assets/New Solution Studio/PBR Lamps Pack/Large round lamp/Maps (Specular) [Unity]/Clean/Large_round_lamp_normal.png using Guid(6c4d395531e335b4d9f7e2edad0d373e) Importer(815301076,1909f56bfc062723c751e8b465ee728b) [PhysX] Initialized MultithreadedTaskDispatcher with 16 workers.
[PhysX] Initialized MultithreadedTaskDispatcher with 16 workers.
 -> (artifact id: '174813c80ea9c9e1ce051da65e0206f9') in 0.044331 seconds
Number of updated asset objects reloaded before import = 0
Number of asset objects unloaded after import = 2
========================================================================
Received Import Request.
  Time since last request: 0.000029 seconds.
  path: Assets/New Solution Studio/PBR Lamps Pack/Large round lamp/Maps (Specular) [Unity]/Clean/Large_round_lamp_emissive.png
  artifactKey: Guid(8b047cc7b7e48aa4cbf02bb586d2a9b5) Importer(815301076,1909f56bfc062723c751e8b465ee728b)
Start importing Assets/New Solution Studio/PBR Lamps Pack/Large round lamp/Maps (Specular) [Unity]/Clean/Large_round_lamp_emissive.png using Guid(8b047cc7b7e48aa4cbf02bb586d2a9b5) Importer(815301076,1909f56bfc062723c751e8b465ee728b) [PhysX] Initialized MultithreadedTaskDispatcher with 16 workers.
[PhysX] Initialized MultithreadedTaskDispatcher with 16 workers.
 -> (artifact id: 'ab1650ec701876c004787ed41311e384') in 0.009214 seconds
Number of updated asset objects reloaded before import = 0
Number of asset objects unloaded after import = 2
========================================================================
Received Import Request.
  Time since last request: 0.000064 seconds.
  path: Assets/New Solution Studio/PBR Lamps Pack/Small roof lamp/Small_roof_lamp.FBX
  artifactKey: Guid(c861df88878a8ca4f93e4b8ee0824f07) Importer(815301076,1909f56bfc062723c751e8b465ee728b)
Start importing Assets/New Solution Studio/PBR Lamps Pack/Small roof lamp/Small_roof_lamp.FBX using Guid(c861df88878a8ca4f93e4b8ee0824f07) Importer(815301076,1909f56bfc062723c751e8b465ee728b) [PhysX] Initialized MultithreadedTaskDispatcher with 16 workers.
[PhysX] Initialized MultithreadedTaskDispatcher with 16 workers.
[PhysX] Initialized MultithreadedTaskDispatcher with 16 workers.
 -> (artifact id: '0148307a693d31609f63d7fb8659175b') in 0.086801 seconds
Number of updated asset objects reloaded before import = 0
Number of asset objects unloaded after import = 13
========================================================================
Received Import Request.
  Time since last request: 0.027083 seconds.
  path: Assets/New Solution Studio/PBR Lamps Pack/Large round lamp/Maps (Specular) [Unity]/Scratched/Large_round_lamp_ao.png
  artifactKey: Guid(a37a0822d2b8c9f40a565fd63bc0b99b) Importer(815301076,1909f56bfc062723c751e8b465ee728b)
Start importing Assets/New Solution Studio/PBR Lamps Pack/Large round lamp/Maps (Specular) [Unity]/Scratched/Large_round_lamp_ao.png using Guid(a37a0822d2b8c9f40a565fd63bc0b99b) Importer(815301076,1909f56bfc062723c751e8b465ee728b) [PhysX] Initialized MultithreadedTaskDispatcher with 16 workers.
[PhysX] Initialized MultithreadedTaskDispatcher with 16 workers.
 -> (artifact id: '3dbe7807bc25ff7508c966a9be52e6f7') in 0.018567 seconds
Number of updated asset objects reloaded before import = 0
Number of asset objects unloaded after import = 2
========================================================================
Received Import Request.
  Time since last request: 4.982675 seconds.
  path: Assets/Brick Project Studio/Apartment Kit/Common/Textures/Misc/Lamp 02 Table - Normal.png
  artifactKey: Guid(e78c362fff317e74095651e83dffc09e) Importer(815301076,1909f56bfc062723c751e8b465ee728b)
Start importing Assets/Brick Project Studio/Apartment Kit/Common/Textures/Misc/Lamp 02 Table - Normal.png using Guid(e78c362fff317e74095651e83dffc09e) Importer(815301076,1909f56bfc062723c751e8b465ee728b) [PhysX] Initialized MultithreadedTaskDispatcher with 16 workers.
[PhysX] Initialized MultithreadedTaskDispatcher with 16 workers.
 -> (artifact id: 'a662cd4620fef7c22eccc0ad346d8c5f') in 0.022525 seconds
Number of updated asset objects reloaded before import = 0
Number of asset objects unloaded after import = 2
========================================================================
Received Import Request.
  Time since last request: 0.000025 seconds.
  path: Assets/Brick Project Studio/Apartment Kit/Common/Textures/Misc/Lamp 02 Table shade.png
  artifactKey: Guid(75236e1c6236b444d84fbc09afbf1ce8) Importer(815301076,1909f56bfc062723c751e8b465ee728b)
Start importing Assets/Brick Project Studio/Apartment Kit/Common/Textures/Misc/Lamp 02 Table shade.png using Guid(75236e1c6236b444d84fbc09afbf1ce8) Importer(815301076,1909f56bfc062723c751e8b465ee728b) [PhysX] Initialized MultithreadedTaskDispatcher with 16 workers.
[PhysX] Initialized MultithreadedTaskDispatcher with 16 workers.
 -> (artifact id: '4a5d24f19620fe4b6625ee67095f6470') in 0.018206 seconds
Number of updated asset objects reloaded before import = 0
Number of asset objects unloaded after import = 2
========================================================================
Received Import Request.
  Time since last request: 0.496178 seconds.
  path: Assets/Brick Project Studio/Apartment Kit/Common/Textures/Misc/Lamp 02 Ceiling - Normal.png
  artifactKey: Guid(10caf55c2cc68ff45af37085395b0a84) Importer(815301076,1909f56bfc062723c751e8b465ee728b)
Start importing Assets/Brick Project Studio/Apartment Kit/Common/Textures/Misc/Lamp 02 Ceiling - Normal.png using Guid(10caf55c2cc68ff45af37085395b0a84) Importer(815301076,1909f56bfc062723c751e8b465ee728b) [PhysX] Initialized MultithreadedTaskDispatcher with 16 workers.
[PhysX] Initialized MultithreadedTaskDispatcher with 16 workers.
 -> (artifact id: '479c4564673221ecca82de9135d431b3') in 0.039219 seconds
Number of updated asset objects reloaded before import = 0
Number of asset objects unloaded after import = 2
========================================================================
Received Import Request.
  Time since last request: 0.223739 seconds.
  path: Assets/New Solution Studio/PBR Lamps Pack/Classic fluorescent lamp/Maps (Specular) [Unity]/Classic_fluorescent_lamp_normal.png
  artifactKey: Guid(c7086b8a69469434b89ba3ceed5ca4bd) Importer(815301076,1909f56bfc062723c751e8b465ee728b)
Start importing Assets/New Solution Studio/PBR Lamps Pack/Classic fluorescent lamp/Maps (Specular) [Unity]/Classic_fluorescent_lamp_normal.png using Guid(c7086b8a69469434b89ba3ceed5ca4bd) Importer(815301076,1909f56bfc062723c751e8b465ee728b) [PhysX] Initialized MultithreadedTaskDispatcher with 16 workers.
[PhysX] Initialized MultithreadedTaskDispatcher with 16 workers.
 -> (artifact id: '8f0962e2150a368f2f0c4b546981c06f') in 0.039383 seconds
Number of updated asset objects reloaded before import = 0
Number of asset objects unloaded after import = 2
========================================================================
Received Import Request.
  Time since last request: 211.408902 seconds.
  path: Assets/Multistory Dungeons 2/Meshes/SRC_Props/Chair_Wooden_01.fbx
  artifactKey: Guid(968e66747bbb4c5d864b360f92243d39) Importer(815301076,1909f56bfc062723c751e8b465ee728b)
Start importing Assets/Multistory Dungeons 2/Meshes/SRC_Props/Chair_Wooden_01.fbx using Guid(968e66747bbb4c5d864b360f92243d39) Importer(815301076,1909f56bfc062723c751e8b465ee728b) [PhysX] Initialized MultithreadedTaskDispatcher with 16 workers.
[PhysX] Initialized MultithreadedTaskDispatcher with 16 workers.
[PhysX] Initialized MultithreadedTaskDispatcher with 16 workers.
 -> (artifact id: 'e09dd6d6b590699676a2e182c35d82fd') in 0.039019 seconds
Number of updated asset objects reloaded before import = 0
Number of asset objects unloaded after import = 12
========================================================================
Received Import Request.
  Time since last request: 0.000023 seconds.
  path: Assets/Medieval props/Textures/ChairV3_occlusion.png
  artifactKey: Guid(e32cbeafd0e524b4ba55b068426593f3) Importer(815301076,1909f56bfc062723c751e8b465ee728b)
Start importing Assets/Medieval props/Textures/ChairV3_occlusion.png using Guid(e32cbeafd0e524b4ba55b068426593f3) Importer(815301076,1909f56bfc062723c751e8b465ee728b) [PhysX] Initialized MultithreadedTaskDispatcher with 16 workers.
[PhysX] Initialized MultithreadedTaskDispatcher with 16 workers.
 -> (artifact id: 'e9aea588a27dd46807eebcb1056689dc') in 0.018984 seconds
Number of updated asset objects reloaded before import = 0
Number of asset objects unloaded after import = 2
========================================================================
Received Import Request.
  Time since last request: 0.000024 seconds.
  path: Assets/Medieval props/Textures/ChairV3.png
  artifactKey: Guid(f2975e22ca3c30847a5c27f0760b782f) Importer(815301076,1909f56bfc062723c751e8b465ee728b)
Start importing Assets/Medieval props/Textures/ChairV3.png using Guid(f2975e22ca3c30847a5c27f0760b782f) Importer(815301076,1909f56bfc062723c751e8b465ee728b) [PhysX] Initialized MultithreadedTaskDispatcher with 16 workers.
[PhysX] Initialized MultithreadedTaskDispatcher with 16 workers.
 -> (artifact id: '7f9044f8e066735c8d11674dd45a4395') in 0.014446 seconds
Number of updated asset objects reloaded before import = 0
Number of asset objects unloaded after import = 2
========================================================================
Received Import Request.
  Time since last request: 0.000016 seconds.
  path: Assets/Medieval props/FBX/ChairV3.fbx
  artifactKey: Guid(e89a9ba9f6b025248beb30404c472c2b) Importer(815301076,1909f56bfc062723c751e8b465ee728b)
Start importing Assets/Medieval props/FBX/ChairV3.fbx using Guid(e89a9ba9f6b025248beb30404c472c2b) Importer(815301076,1909f56bfc062723c751e8b465ee728b) [PhysX] Initialized MultithreadedTaskDispatcher with 16 workers.
[PhysX] Initialized MultithreadedTaskDispatcher with 16 workers.
[PhysX] Initialized MultithreadedTaskDispatcher with 16 workers.
 -> (artifact id: 'b6a6d1841885de973bae4803a6fd7973') in 0.016526 seconds
Number of updated asset objects reloaded before import = 0
Number of asset objects unloaded after import = 9
========================================================================
Received Import Request.
  Time since last request: 0.000015 seconds.
  path: Assets/Medieval props/Textures/ChairV3_height.png
  artifactKey: Guid(a082b5b6f4f2add41bb98d5c21116b9e) Importer(815301076,1909f56bfc062723c751e8b465ee728b)
Start importing Assets/Medieval props/Textures/ChairV3_height.png using Guid(a082b5b6f4f2add41bb98d5c21116b9e) Importer(815301076,1909f56bfc062723c751e8b465ee728b) [PhysX] Initialized MultithreadedTaskDispatcher with 16 workers.
[PhysX] Initialized MultithreadedTaskDispatcher with 16 workers.
 -> (artifact id: 'b7a29a49ac713bd4e4aa968dd2768946') in 0.014227 seconds
Number of updated asset objects reloaded before import = 0
Number of asset objects unloaded after import = 2
Editor requested this worker to shutdown with reason: Scaling down because of idle timeout
TcpMessagingSession - receive error: operation aborted. errorcode: 995, details: The I/O operation has been aborted because of either a thread exit or an application request.
AssetImportWorker is now disconnected from the server
Process exiting
Exiting without the bug reporter. Application will terminate with return code 0