Unity Editor version:    2022.3.58f1 (ed7f6eacb62e)
Branch:                  2022.3/staging
Build type:              Release
Batch mode:              YES
macOS version:           Version 15.3.2 (Build 24D81)
Darwin version:          24.3.0
Architecture:            arm64
Running under Rosetta:   NO
Available memory:        8192 MB
Using pre-set license
Pro License: YES

COMMAND LINE ARGUMENTS:
/Applications/Unity/Hub/Editor/2022.3.58f1/Unity.app/Contents/MacOS/Unity
-adb2
-batchMode
-noUpm
-name
AssetImportWorker13
-projectPath
/Users/sofiapodkaura/Documents/Horror_game/Horror_game
-logFile
Logs/AssetImportWorker13.log
-srvPort
62910
Successfully changed project path to: /Users/sofiapodkaura/Documents/Horror_game/Horror_game
/Users/sofiapodkaura/Documents/Horror_game/Horror_game
[UnityMemory] Configuration Parameters - Can be set up in boot.config
    "memorysetup-bucket-allocator-granularity=16"
    "memorysetup-bucket-allocator-bucket-count=8"
    "memorysetup-bucket-allocator-block-size=33554432"
    "memorysetup-bucket-allocator-block-count=8"
    "memorysetup-main-allocator-block-size=16777216"
    "memorysetup-thread-allocator-block-size=16777216"
    "memorysetup-gfx-main-allocator-block-size=16777216"
    "memorysetup-gfx-thread-allocator-block-size=16777216"
    "memorysetup-cache-allocator-block-size=4194304"
    "memorysetup-typetree-allocator-block-size=2097152"
    "memorysetup-profiler-bucket-allocator-granularity=16"
    "memorysetup-profiler-bucket-allocator-bucket-count=8"
    "memorysetup-profiler-bucket-allocator-block-size=33554432"
    "memorysetup-profiler-bucket-allocator-block-count=8"
    "memorysetup-profiler-allocator-block-size=16777216"
    "memorysetup-profiler-editor-allocator-block-size=1048576"
    "memorysetup-temp-allocator-size-main=16777216"
    "memorysetup-job-temp-allocator-block-size=2097152"
    "memorysetup-job-temp-allocator-block-size-background=1048576"
    "memorysetup-job-temp-allocator-reduction-small-platforms=262144"
    "memorysetup-allocator-temp-initial-block-size-main=262144"
    "memorysetup-allocator-temp-initial-block-size-worker=262144"
    "memorysetup-temp-allocator-size-background-worker=32768"
    "memorysetup-temp-allocator-size-job-worker=262144"
    "memorysetup-temp-allocator-size-preload-manager=33554432"
    "memorysetup-temp-allocator-size-nav-mesh-worker=65536"
    "memorysetup-temp-allocator-size-audio-worker=65536"
    "memorysetup-temp-allocator-size-cloud-worker=32768"
    "memorysetup-temp-allocator-size-gi-baking-worker=262144"
    "memorysetup-temp-allocator-size-gfx=262144"
Player connection [8456030272]  Target information:

Player connection [8456030272]  * "[IP] 192.0.0.2 [Port] 0 [Flags] 2 [Guid] 3758655236 [EditorId] 3758655236 [Version] 1048832 [Id] OSXEditor(0,Noutbuk-Sofia.local) [Debug] 1 [PackageName] OSXEditor [ProjectName] Editor" 

Player connection [8456030272] Host joined multi-casting on [225.0.0.222:54997]...
Player connection [8456030272] Host joined alternative multi-casting on [225.0.0.222:34997]...
Input System module state changed to: Initialized.
[PhysX] Initialized MultithreadedTaskDispatcher with 8 workers.
Refreshing native plugins compatible for Editor in 27.33 ms, found 2 plugins.
Preloading 0 native plugins for Editor in 0.00 ms.
Initialize engine version: 2022.3.58f1 (ed7f6eacb62e)
[Subsystems] Discovering subsystems at path /Applications/Unity/Hub/Editor/2022.3.58f1/Unity.app/Contents/Resources/UnitySubsystems
[Subsystems] Discovering subsystems at path /Users/sofiapodkaura/Documents/Horror_game/Horror_game/Assets
GfxDevice: creating device client; threaded=0; jobified=0
 preferred device: Apple M2 (high power)
Metal devices available: 1
0: Apple M2 (high power)
Using device Apple M2 (high power)
Initializing Metal device caps: Apple M2
Initialize mono
Mono path[0] = '/Applications/Unity/Hub/Editor/2022.3.58f1/Unity.app/Contents/Managed'
Mono path[1] = '/Applications/Unity/Hub/Editor/2022.3.58f1/Unity.app/Contents/MonoBleedingEdge/lib/mono/unityjit-macos'
Mono config path = '/Applications/Unity/Hub/Editor/2022.3.58f1/Unity.app/Contents/MonoBleedingEdge/etc'
Using monoOptions --debugger-agent=transport=dt_socket,embedding=1,server=y,suspend=n,address=127.0.0.1:56701
Begin MonoManager ReloadAssembly
Registering precompiled unity dll's ...
Register platform support module: /Applications/Unity/Hub/Editor/2022.3.58f1/Unity.app/Contents/PlaybackEngines/MacStandaloneSupport/UnityEditor.OSXStandalone.Extensions.dll
Registered in 0.002043 seconds.
- Loaded All Assemblies, in  0.243 seconds
Native extension for OSXStandalone target not found
Mono: successfully reloaded assembly
- Finished resetting the current domain, in  0.142 seconds
Domain Reload Profiling: 385ms
	BeginReloadAssembly (86ms)
		ExecutionOrderSort (0ms)
		DisableScriptedObjects (0ms)
		BackupInstance (0ms)
		ReleaseScriptingObjects (0ms)
		CreateAndSetChildDomain (1ms)
	RebuildCommonClasses (23ms)
	RebuildNativeTypeToScriptingClass (7ms)
	initialDomainReloadingComplete (32ms)
	LoadAllAssembliesAndSetupDomain (95ms)
		LoadAssemblies (86ms)
		RebuildTransferFunctionScriptingTraits (0ms)
		AnalyzeDomain (91ms)
			TypeCache.Refresh (90ms)
				TypeCache.ScanAssembly (79ms)
			ScanForSourceGeneratedMonoScriptInfo (0ms)
			ResolveRequiredComponents (0ms)
	FinalizeReload (142ms)
		ReleaseScriptCaches (0ms)
		RebuildScriptCaches (0ms)
		SetupLoadedEditorAssemblies (115ms)
			LogAssemblyErrors (0ms)
			InitializePlatformSupportModulesInManaged (5ms)
			SetLoadedEditorAssemblies (4ms)
			RefreshPlugins (0ms)
			BeforeProcessingInitializeOnLoad (1ms)
			ProcessInitializeOnLoadAttributes (80ms)
			ProcessInitializeOnLoadMethodAttributes (25ms)
			AfterProcessingInitializeOnLoad (0ms)
			EditorAssembliesLoaded (0ms)
		ExecutionOrderSort2 (0ms)
		AwakeInstancesAfterBackupRestoration (0ms)
========================================================================
Worker process is ready to serve import requests
Caller must complete domain reload
Begin MonoManager ReloadAssembly
Symbol file LoadedFromMemory is not a mono symbol file
- Loaded All Assemblies, in  0.511 seconds
Native extension for OSXStandalone target not found
Mono: successfully reloaded assembly
- Finished resetting the current domain, in  0.616 seconds
Domain Reload Profiling: 1121ms
	BeginReloadAssembly (80ms)
		ExecutionOrderSort (0ms)
		DisableScriptedObjects (3ms)
		BackupInstance (0ms)
		ReleaseScriptingObjects (0ms)
		CreateAndSetChildDomain (19ms)
	RebuildCommonClasses (22ms)
	RebuildNativeTypeToScriptingClass (8ms)
	initialDomainReloadingComplete (20ms)
	LoadAllAssembliesAndSetupDomain (376ms)
		LoadAssemblies (266ms)
		RebuildTransferFunctionScriptingTraits (0ms)
		AnalyzeDomain (146ms)
			TypeCache.Refresh (131ms)
				TypeCache.ScanAssembly (107ms)
			ScanForSourceGeneratedMonoScriptInfo (11ms)
			ResolveRequiredComponents (3ms)
	FinalizeReload (616ms)
		ReleaseScriptCaches (0ms)
		RebuildScriptCaches (0ms)
		SetupLoadedEditorAssemblies (532ms)
			LogAssemblyErrors (0ms)
			InitializePlatformSupportModulesInManaged (4ms)
			SetLoadedEditorAssemblies (3ms)
			RefreshPlugins (0ms)
			BeforeProcessingInitializeOnLoad (38ms)
			ProcessInitializeOnLoadAttributes (364ms)
			ProcessInitializeOnLoadMethodAttributes (123ms)
			AfterProcessingInitializeOnLoad (1ms)
			EditorAssembliesLoaded (0ms)
		ExecutionOrderSort2 (0ms)
		AwakeInstancesAfterBackupRestoration (3ms)
Launching external process: /Applications/Unity/Hub/Editor/2022.3.58f1/Unity.app/Contents/Tools/UnityShaderCompiler
Launched and connected shader compiler UnityShaderCompiler after 0.22 seconds
Refreshing native plugins compatible for Editor in 9.39 ms, found 2 plugins.
Preloading 0 native plugins for Editor in 0.00 ms.
Unloading 4452 Unused Serialized files (Serialized files now loaded: 0)
Unloading 26 unused Assets / (125.5 KB). Loaded Objects now: 4923.
Memory consumption went from 167.1 MB to 167.0 MB.
Total: 8.089250 ms (FindLiveObjects: 0.192542 ms CreateObjectMapping: 0.083791 ms MarkObjects: 7.566834 ms  DeleteObjects: 0.245459 ms)

AssetImportParameters requested are different than current active one (requested -> active):
  custom:container-demuxer-ogg: 62fdf1f143b41e24485cea50d1cbac27 -> 
  custom:video-decoder-ogg-theora: a1e56fd34408186e4bbccfd4996cb3dc -> 
  custom:CustomObjectIndexerAttribute: 9a22284fe3817be447336de3de66b15e -> 
  custom:container-demuxer-webm: 4f35f7cbe854078d1ac9338744f61a02 -> 
  custom:container-muxer-webm: aa71ff27fc2769a1b78a27578f13a17b -> 
  custom:video-decoder-webm-vp8: 9c59270c3fd7afecdb556c50c9e8de78 -> 
  custom:SearchIndexIgnoredProperties: e643bd26f0fe6173181afceb89e7c659 -> 
  custom:AudioImporter_EditorPlatform: 3918e3fc78b5a79bad01e8451be0beb8 -> 
  custom:framework-osx-AVFoundation: e770b220cccbd017edd2c1fefb359320 -> 
  custom:video-encoder-webm-vp8: eb34c28f22e8b96e1ab97ce403110664 -> 
  custom:audio-decoder-ogg-vorbis: bf7c407c2cedff20999df2af8eb42d56 -> 
  custom:audio-encoder-webm-vorbis: bf7c407c2cedff20999df2af8eb42d56 -> 
========================================================================
Received Import Request.
  Time since last request: 321270.811363 seconds.
  path: Assets/Multistory Dungeons 2/Textures/Atlas_Props_01.psd
  artifactKey: Guid(ee6f3aaa6abf4ce1a3100b4b20eeca71) Importer(815301076,1909f56bfc062723c751e8b465ee728b)
Start importing Assets/Multistory Dungeons 2/Textures/Atlas_Props_01.psd using Guid(ee6f3aaa6abf4ce1a3100b4b20eeca71) Importer(815301076,1909f56bfc062723c751e8b465ee728b) [PhysX] Initialized MultithreadedTaskDispatcher with 8 workers.
[PhysX] Initialized MultithreadedTaskDispatcher with 8 workers.
 -> (artifact id: '92b9c68b88642369b59bc0ba5db42a5e') in 0.133579 seconds
Number of updated asset objects reloaded before import = 0
Number of asset objects unloaded after import = 2
========================================================================
Received Import Request.
  Time since last request: 0.000122 seconds.
  path: Assets/Multistory Dungeons 2/Textures/Atlas_Props_01_Normal.psd
  artifactKey: Guid(30417f1afd654f81abf01d532f1a9160) Importer(815301076,1909f56bfc062723c751e8b465ee728b)
Start importing Assets/Multistory Dungeons 2/Textures/Atlas_Props_01_Normal.psd using Guid(30417f1afd654f81abf01d532f1a9160) Importer(815301076,1909f56bfc062723c751e8b465ee728b) [PhysX] Initialized MultithreadedTaskDispatcher with 8 workers.
[PhysX] Initialized MultithreadedTaskDispatcher with 8 workers.
 -> (artifact id: '1582517bc4360c88e66294591e656b42') in 0.032272 seconds
Number of updated asset objects reloaded before import = 0
Number of asset objects unloaded after import = 2
========================================================================
Received Import Request.
  Time since last request: 65.672882 seconds.
  path: Assets/Brick Project Studio/_BPS Basic Assets/Common/Textures/Basic Asset/BA_Marble_01_A.png
  artifactKey: Guid(533e69acad2a4a24fb387ac1f4a2548f) Importer(815301076,1909f56bfc062723c751e8b465ee728b)
Start importing Assets/Brick Project Studio/_BPS Basic Assets/Common/Textures/Basic Asset/BA_Marble_01_A.png using Guid(533e69acad2a4a24fb387ac1f4a2548f) Importer(815301076,1909f56bfc062723c751e8b465ee728b) [PhysX] Initialized MultithreadedTaskDispatcher with 8 workers.
[PhysX] Initialized MultithreadedTaskDispatcher with 8 workers.
 -> (artifact id: 'fa859b4bed44ec10f7a169ae583c19fa') in 0.026413 seconds
Number of updated asset objects reloaded before import = 0
Number of asset objects unloaded after import = 2
========================================================================
Received Import Request.
  Time since last request: 0.712874 seconds.
  path: Assets/BathroomPack/Textures/Bathtub/Bathtub_DefaultMaterial_MetallicSmoothness.png
  artifactKey: Guid(f886843c723731b49bbffbf2e7d08747) Importer(815301076,1909f56bfc062723c751e8b465ee728b)
Start importing Assets/BathroomPack/Textures/Bathtub/Bathtub_DefaultMaterial_MetallicSmoothness.png using Guid(f886843c723731b49bbffbf2e7d08747) Importer(815301076,1909f56bfc062723c751e8b465ee728b) [PhysX] Initialized MultithreadedTaskDispatcher with 8 workers.
[PhysX] Initialized MultithreadedTaskDispatcher with 8 workers.
 -> (artifact id: '22d4fbf1e65f80e514b202f812cef2a1') in 0.018241 seconds
Number of updated asset objects reloaded before import = 0
Number of asset objects unloaded after import = 2
========================================================================
Received Import Request.
  Time since last request: 0.000108 seconds.
  path: Assets/Package04_Free_Kitchen/FreeKitchen/Textures/Version03/FreeCabinet01_Material_AlbedoTransparency.png
  artifactKey: Guid(6a3c2d68fa6c94f53801bf8c9a52b1e5) Importer(815301076,1909f56bfc062723c751e8b465ee728b)
Start importing Assets/Package04_Free_Kitchen/FreeKitchen/Textures/Version03/FreeCabinet01_Material_AlbedoTransparency.png using Guid(6a3c2d68fa6c94f53801bf8c9a52b1e5) Importer(815301076,1909f56bfc062723c751e8b465ee728b) [PhysX] Initialized MultithreadedTaskDispatcher with 8 workers.
[PhysX] Initialized MultithreadedTaskDispatcher with 8 workers.
 -> (artifact id: '02e9eef460587d78e17699f75a9788e1') in 0.010582 seconds
Number of updated asset objects reloaded before import = 0
Number of asset objects unloaded after import = 2
========================================================================
Received Import Request.
  Time since last request: 0.000115 seconds.
  path: Assets/Package04_Free_Kitchen/FreeKitchen/Textures/Version03/FreeCabinet03_Material_AO.png
  artifactKey: Guid(c65b3236a85ef48ca9847da8ca8c3867) Importer(815301076,1909f56bfc062723c751e8b465ee728b)
Start importing Assets/Package04_Free_Kitchen/FreeKitchen/Textures/Version03/FreeCabinet03_Material_AO.png using Guid(c65b3236a85ef48ca9847da8ca8c3867) Importer(815301076,1909f56bfc062723c751e8b465ee728b) [PhysX] Initialized MultithreadedTaskDispatcher with 8 workers.
[PhysX] Initialized MultithreadedTaskDispatcher with 8 workers.
 -> (artifact id: 'c479568c3ec9336178da46f533e25648') in 0.010082 seconds
Number of updated asset objects reloaded before import = 0
Number of asset objects unloaded after import = 2
========================================================================
Received Import Request.
  Time since last request: 0.000139 seconds.
  path: Assets/Package04_Free_Kitchen/FreeKitchen/Textures/Version03/FreeCoffeeMaker_ToasterMaterial_AlbedoTransparency.png
  artifactKey: Guid(0a03aacbddaf447a0abfc63467ba7eb9) Importer(815301076,1909f56bfc062723c751e8b465ee728b)
Start importing Assets/Package04_Free_Kitchen/FreeKitchen/Textures/Version03/FreeCoffeeMaker_ToasterMaterial_AlbedoTransparency.png using Guid(0a03aacbddaf447a0abfc63467ba7eb9) Importer(815301076,1909f56bfc062723c751e8b465ee728b) [PhysX] Initialized MultithreadedTaskDispatcher with 8 workers.
[PhysX] Initialized MultithreadedTaskDispatcher with 8 workers.
 -> (artifact id: 'bfe2c41efac89201ad631d5b8ddc5195') in 0.006621 seconds
Number of updated asset objects reloaded before import = 0
Number of asset objects unloaded after import = 2
========================================================================
Received Import Request.
  Time since last request: 0.000179 seconds.
  path: Assets/Package04_Free_Kitchen/FreeKitchen/Textures/Version03/FreeEquipment02Material_AO.png
  artifactKey: Guid(b2731a048ea3544959cf2dad5171c4fc) Importer(815301076,1909f56bfc062723c751e8b465ee728b)
Start importing Assets/Package04_Free_Kitchen/FreeKitchen/Textures/Version03/FreeEquipment02Material_AO.png using Guid(b2731a048ea3544959cf2dad5171c4fc) Importer(815301076,1909f56bfc062723c751e8b465ee728b) [PhysX] Initialized MultithreadedTaskDispatcher with 8 workers.
[PhysX] Initialized MultithreadedTaskDispatcher with 8 workers.
 -> (artifact id: '050cefbbf348558dfe764daf98ea4455') in 0.007812 seconds
Number of updated asset objects reloaded before import = 0
Number of asset objects unloaded after import = 2
========================================================================
Received Import Request.
  Time since last request: 0.000156 seconds.
  path: Assets/Package04_Free_Kitchen/FreeKitchen/Textures/Version03/FreeRoomAccessoriesMaterial_AO.png
  artifactKey: Guid(b7aca02bddc5a4db1a94dd2697d51e3c) Importer(815301076,1909f56bfc062723c751e8b465ee728b)
Start importing Assets/Package04_Free_Kitchen/FreeKitchen/Textures/Version03/FreeRoomAccessoriesMaterial_AO.png using Guid(b7aca02bddc5a4db1a94dd2697d51e3c) Importer(815301076,1909f56bfc062723c751e8b465ee728b) [PhysX] Initialized MultithreadedTaskDispatcher with 8 workers.
[PhysX] Initialized MultithreadedTaskDispatcher with 8 workers.
 -> (artifact id: '58080e2302480c58fabf28aecf2a5a65') in 0.005983 seconds
Number of updated asset objects reloaded before import = 0
Number of asset objects unloaded after import = 2
========================================================================
Received Import Request.
  Time since last request: 0.000069 seconds.
  path: Assets/Package04_Free_Kitchen/FreeKitchen/Textures/Version03/FreeRoomAccessoriesMaterial_Normal.png
  artifactKey: Guid(4fe4e171a747c490abe03e01ac0771f1) Importer(815301076,1909f56bfc062723c751e8b465ee728b)
Start importing Assets/Package04_Free_Kitchen/FreeKitchen/Textures/Version03/FreeRoomAccessoriesMaterial_Normal.png using Guid(4fe4e171a747c490abe03e01ac0771f1) Importer(815301076,1909f56bfc062723c751e8b465ee728b) [PhysX] Initialized MultithreadedTaskDispatcher with 8 workers.
[PhysX] Initialized MultithreadedTaskDispatcher with 8 workers.
 -> (artifact id: 'e7907ba9124bf296abafdd770fda34b7') in 0.010971 seconds
Number of updated asset objects reloaded before import = 0
Number of asset objects unloaded after import = 2
========================================================================
Received Import Request.
  Time since last request: 0.000198 seconds.
  path: Assets/Package04_Free_Kitchen/FreeKitchen/Textures/Version03/FreeCabinet01_Material_AO.png
  artifactKey: Guid(396d0f2ccb0954c32bdd5c28c0db4e81) Importer(815301076,1909f56bfc062723c751e8b465ee728b)
Start importing Assets/Package04_Free_Kitchen/FreeKitchen/Textures/Version03/FreeCabinet01_Material_AO.png using Guid(396d0f2ccb0954c32bdd5c28c0db4e81) Importer(815301076,1909f56bfc062723c751e8b465ee728b) [PhysX] Initialized MultithreadedTaskDispatcher with 8 workers.
[PhysX] Initialized MultithreadedTaskDispatcher with 8 workers.
 -> (artifact id: '9201dbf6e814836cfe69d97d735ec370') in 0.007574 seconds
Number of updated asset objects reloaded before import = 0
Number of asset objects unloaded after import = 2
========================================================================
Received Import Request.
  Time since last request: 0.000094 seconds.
  path: Assets/Package04_Free_Kitchen/FreeKitchen/Textures/Version03/FreeEquipment01Material_MetallicSmoothness.png
  artifactKey: Guid(4462e8b2fac084332918bd30457374cd) Importer(815301076,1909f56bfc062723c751e8b465ee728b)
Start importing Assets/Package04_Free_Kitchen/FreeKitchen/Textures/Version03/FreeEquipment01Material_MetallicSmoothness.png using Guid(4462e8b2fac084332918bd30457374cd) Importer(815301076,1909f56bfc062723c751e8b465ee728b) [PhysX] Initialized MultithreadedTaskDispatcher with 8 workers.
[PhysX] Initialized MultithreadedTaskDispatcher with 8 workers.
 -> (artifact id: '54fd192cc817d3fb6b15cdb03bf3a3eb') in 0.008833 seconds
Number of updated asset objects reloaded before import = 0
Number of asset objects unloaded after import = 2
========================================================================
Received Import Request.
  Time since last request: 0.000273 seconds.
  path: Assets/Package04_Free_Kitchen/FreeKitchen/Textures/Version03/FreeCoffeeMaker_ToasterMaterial_Normal.png
  artifactKey: Guid(163839959214e4cebad7297c2f117873) Importer(815301076,1909f56bfc062723c751e8b465ee728b)
Start importing Assets/Package04_Free_Kitchen/FreeKitchen/Textures/Version03/FreeCoffeeMaker_ToasterMaterial_Normal.png using Guid(163839959214e4cebad7297c2f117873) Importer(815301076,1909f56bfc062723c751e8b465ee728b) [PhysX] Initialized MultithreadedTaskDispatcher with 8 workers.
[PhysX] Initialized MultithreadedTaskDispatcher with 8 workers.
 -> (artifact id: 'fd7b9eab42c1b844cf98d8c7fa4eb92a') in 0.011479 seconds
Number of updated asset objects reloaded before import = 0
Number of asset objects unloaded after import = 2
========================================================================
Received Import Request.
  Time since last request: 0.000527 seconds.
  path: Assets/Package04_Free_Kitchen/FreeKitchen/Textures/Version03/FreeStoveMaterial_AO.png
  artifactKey: Guid(a215afb99e173421d820c770e2326018) Importer(815301076,1909f56bfc062723c751e8b465ee728b)
Start importing Assets/Package04_Free_Kitchen/FreeKitchen/Textures/Version03/FreeStoveMaterial_AO.png using Guid(a215afb99e173421d820c770e2326018) Importer(815301076,1909f56bfc062723c751e8b465ee728b) [PhysX] Initialized MultithreadedTaskDispatcher with 8 workers.
[PhysX] Initialized MultithreadedTaskDispatcher with 8 workers.
 -> (artifact id: '697c69051e7b860d461ec4f8dd1e59e7') in 0.009070 seconds
Number of updated asset objects reloaded before import = 0
Number of asset objects unloaded after import = 2
========================================================================
Received Import Request.
  Time since last request: 0.000888 seconds.
  path: Assets/Package04_Free_Kitchen/FreeKitchen/Textures/Version03/FreeStoveMaterial_MetallicSmoothness.png
  artifactKey: Guid(8321cd29fa36d4883b5811fa078766c3) Importer(815301076,1909f56bfc062723c751e8b465ee728b)
Start importing Assets/Package04_Free_Kitchen/FreeKitchen/Textures/Version03/FreeStoveMaterial_MetallicSmoothness.png using Guid(8321cd29fa36d4883b5811fa078766c3) Importer(815301076,1909f56bfc062723c751e8b465ee728b) [PhysX] Initialized MultithreadedTaskDispatcher with 8 workers.
[PhysX] Initialized MultithreadedTaskDispatcher with 8 workers.
 -> (artifact id: '91deee40fa2770afee3f4774737590b6') in 0.012489 seconds
Number of updated asset objects reloaded before import = 0
Number of asset objects unloaded after import = 2
========================================================================
Received Import Request.
  Time since last request: 0.000204 seconds.
  path: Assets/Package04_Free_Kitchen/FreeKitchen/Textures/Version03/FreeEquipment01Material_Normal.png
  artifactKey: Guid(73ad20042c7984840a77f543f2772265) Importer(815301076,1909f56bfc062723c751e8b465ee728b)
Start importing Assets/Package04_Free_Kitchen/FreeKitchen/Textures/Version03/FreeEquipment01Material_Normal.png using Guid(73ad20042c7984840a77f543f2772265) Importer(815301076,1909f56bfc062723c751e8b465ee728b) [PhysX] Initialized MultithreadedTaskDispatcher with 8 workers.
[PhysX] Initialized MultithreadedTaskDispatcher with 8 workers.
 -> (artifact id: 'd1f71a4eb3717ec2aa096f0e16459cb0') in 0.012805 seconds
Number of updated asset objects reloaded before import = 0
Number of asset objects unloaded after import = 2
========================================================================
Received Import Request.
  Time since last request: 0.000151 seconds.
  path: Assets/Package04_Free_Kitchen/FreeKitchen/Textures/Version03/FreeRoomAccessoriesMaterial_AlbedoTransparency.png
  artifactKey: Guid(100ea48a9bd2a444691de76ddabb0127) Importer(815301076,1909f56bfc062723c751e8b465ee728b)
Start importing Assets/Package04_Free_Kitchen/FreeKitchen/Textures/Version03/FreeRoomAccessoriesMaterial_AlbedoTransparency.png using Guid(100ea48a9bd2a444691de76ddabb0127) Importer(815301076,1909f56bfc062723c751e8b465ee728b) [PhysX] Initialized MultithreadedTaskDispatcher with 8 workers.
[PhysX] Initialized MultithreadedTaskDispatcher with 8 workers.
 -> (artifact id: '2fcfb8932c4f8b7b90a83053565dccfb') in 0.006033 seconds
Number of updated asset objects reloaded before import = 0
Number of asset objects unloaded after import = 2
========================================================================
Received Import Request.
  Time since last request: 0.000123 seconds.
  path: Assets/Package04_Free_Kitchen/FreeKitchen/Textures/Version03/FreeRoomMaterial_MetallicSmoothness.png
  artifactKey: Guid(93d35dc047a164305b43a1b145efdd9b) Importer(815301076,1909f56bfc062723c751e8b465ee728b)
Start importing Assets/Package04_Free_Kitchen/FreeKitchen/Textures/Version03/FreeRoomMaterial_MetallicSmoothness.png using Guid(93d35dc047a164305b43a1b145efdd9b) Importer(815301076,1909f56bfc062723c751e8b465ee728b) [PhysX] Initialized MultithreadedTaskDispatcher with 8 workers.
[PhysX] Initialized MultithreadedTaskDispatcher with 8 workers.
 -> (artifact id: 'd84a5b7bffcefd94dadcf1b0a6b0f2f9') in 0.008363 seconds
Number of updated asset objects reloaded before import = 0
Number of asset objects unloaded after import = 2
========================================================================
Received Import Request.
  Time since last request: 0.000213 seconds.
  path: Assets/Package04_Free_Kitchen/FreeKitchen/Textures/Version03/FreeCabinet02_Material_AlbedoTransparency.png
  artifactKey: Guid(16d7b3ccc7cf941ae81fb4f9f6d05cc7) Importer(815301076,1909f56bfc062723c751e8b465ee728b)
Start importing Assets/Package04_Free_Kitchen/FreeKitchen/Textures/Version03/FreeCabinet02_Material_AlbedoTransparency.png using Guid(16d7b3ccc7cf941ae81fb4f9f6d05cc7) Importer(815301076,1909f56bfc062723c751e8b465ee728b) [PhysX] Initialized MultithreadedTaskDispatcher with 8 workers.
[PhysX] Initialized MultithreadedTaskDispatcher with 8 workers.
 -> (artifact id: '6f7d57546d1b7e26f9013c757d23d5f2') in 0.006339 seconds
Number of updated asset objects reloaded before import = 0
Number of asset objects unloaded after import = 2
========================================================================
Received Import Request.
  Time since last request: 0.000080 seconds.
  path: Assets/Package04_Free_Kitchen/FreeKitchen/Textures/Version03/FreeCabinet02_Material_AO.png
  artifactKey: Guid(c32c54b50821945c6863fbe95ee78d3d) Importer(815301076,1909f56bfc062723c751e8b465ee728b)
Start importing Assets/Package04_Free_Kitchen/FreeKitchen/Textures/Version03/FreeCabinet02_Material_AO.png using Guid(c32c54b50821945c6863fbe95ee78d3d) Importer(815301076,1909f56bfc062723c751e8b465ee728b) [PhysX] Initialized MultithreadedTaskDispatcher with 8 workers.
[PhysX] Initialized MultithreadedTaskDispatcher with 8 workers.
 -> (artifact id: '8ccc285992e06c859a11800345b9ceab') in 0.005972 seconds
Number of updated asset objects reloaded before import = 0
Number of asset objects unloaded after import = 2
========================================================================
Received Import Request.
  Time since last request: 0.000072 seconds.
  path: Assets/Package04_Free_Kitchen/FreeKitchen/Textures/Version03/FreeRefrigeratorMaterial_Normal.png
  artifactKey: Guid(dc4e391acd8f041a2bdccaa5b654ae9b) Importer(815301076,1909f56bfc062723c751e8b465ee728b)
Start importing Assets/Package04_Free_Kitchen/FreeKitchen/Textures/Version03/FreeRefrigeratorMaterial_Normal.png using Guid(dc4e391acd8f041a2bdccaa5b654ae9b) Importer(815301076,1909f56bfc062723c751e8b465ee728b) [PhysX] Initialized MultithreadedTaskDispatcher with 8 workers.
[PhysX] Initialized MultithreadedTaskDispatcher with 8 workers.
 -> (artifact id: 'c84fb75860a9a638baa01ca1629e9243') in 0.011764 seconds
Number of updated asset objects reloaded before import = 0
Number of asset objects unloaded after import = 2
========================================================================
Received Import Request.
  Time since last request: 0.000147 seconds.
  path: Assets/Package04_Free_Kitchen/FreeKitchen/Textures/Version03/FreeCabinet03_Material_Normal.png
  artifactKey: Guid(905736d8dfdb846eb96bb83767cef4b1) Importer(815301076,1909f56bfc062723c751e8b465ee728b)
Start importing Assets/Package04_Free_Kitchen/FreeKitchen/Textures/Version03/FreeCabinet03_Material_Normal.png using Guid(905736d8dfdb846eb96bb83767cef4b1) Importer(815301076,1909f56bfc062723c751e8b465ee728b) [PhysX] Initialized MultithreadedTaskDispatcher with 8 workers.
[PhysX] Initialized MultithreadedTaskDispatcher with 8 workers.
 -> (artifact id: '9c7c1bb808771a698b7c602cab303549') in 0.010384 seconds
Number of updated asset objects reloaded before import = 0
Number of asset objects unloaded after import = 2
========================================================================
Received Import Request.
  Time since last request: 0.000127 seconds.
  path: Assets/Package04_Free_Kitchen/FreeKitchen/Textures/Version03/FreeCoffeeMaker_ToasterMaterial_MetallicSmoothness.png
  artifactKey: Guid(95c4d7f8c092c49a5876c089dc1a4f69) Importer(815301076,1909f56bfc062723c751e8b465ee728b)
Start importing Assets/Package04_Free_Kitchen/FreeKitchen/Textures/Version03/FreeCoffeeMaker_ToasterMaterial_MetallicSmoothness.png using Guid(95c4d7f8c092c49a5876c089dc1a4f69) Importer(815301076,1909f56bfc062723c751e8b465ee728b) [PhysX] Initialized MultithreadedTaskDispatcher with 8 workers.
[PhysX] Initialized MultithreadedTaskDispatcher with 8 workers.
 -> (artifact id: '7028d183941f8e0cb1780dd196172ece') in 0.008805 seconds
Number of updated asset objects reloaded before import = 0
Number of asset objects unloaded after import = 2
========================================================================
Received Import Request.
  Time since last request: 0.000088 seconds.
  path: Assets/Package04_Free_Kitchen/FreeKitchen/Textures/Version03/FreeCabinet02_Material_Normal.png
  artifactKey: Guid(2d29c55ae1c76492b97578352f248ff6) Importer(815301076,1909f56bfc062723c751e8b465ee728b)
Start importing Assets/Package04_Free_Kitchen/FreeKitchen/Textures/Version03/FreeCabinet02_Material_Normal.png using Guid(2d29c55ae1c76492b97578352f248ff6) Importer(815301076,1909f56bfc062723c751e8b465ee728b) [PhysX] Initialized MultithreadedTaskDispatcher with 8 workers.
[PhysX] Initialized MultithreadedTaskDispatcher with 8 workers.
 -> (artifact id: '21d222c24f883241bc5b45d63b116dd9') in 0.008633 seconds
Number of updated asset objects reloaded before import = 0
Number of asset objects unloaded after import = 2
========================================================================
Received Import Request.
  Time since last request: 0.000162 seconds.
  path: Assets/Package04_Free_Kitchen/FreeKitchen/Textures/Version03/FreeRoomMaterial_AlbedoTransparency.png
  artifactKey: Guid(4a5239ec5a6ac4cdda3e6ebecffa4190) Importer(815301076,1909f56bfc062723c751e8b465ee728b)
Start importing Assets/Package04_Free_Kitchen/FreeKitchen/Textures/Version03/FreeRoomMaterial_AlbedoTransparency.png using Guid(4a5239ec5a6ac4cdda3e6ebecffa4190) Importer(815301076,1909f56bfc062723c751e8b465ee728b) [PhysX] Initialized MultithreadedTaskDispatcher with 8 workers.
[PhysX] Initialized MultithreadedTaskDispatcher with 8 workers.
 -> (artifact id: '1fb264d2698d6a70066333bd81d0abce') in 0.007413 seconds
Number of updated asset objects reloaded before import = 0
Number of asset objects unloaded after import = 2
========================================================================
Received Import Request.
  Time since last request: 9.815939 seconds.
  path: Assets/Finished/3D-Models/DeKinderspelen/3D - Wall Lamp/3D - Wall Lamp/1_lamp_support/Material-roughness.png
  artifactKey: Guid(8ae4001eb54cc5e41b9a4477827e2c40) Importer(815301076,1909f56bfc062723c751e8b465ee728b)
Start importing Assets/Finished/3D-Models/DeKinderspelen/3D - Wall Lamp/3D - Wall Lamp/1_lamp_support/Material-roughness.png using Guid(8ae4001eb54cc5e41b9a4477827e2c40) Importer(815301076,1909f56bfc062723c751e8b465ee728b) [PhysX] Initialized MultithreadedTaskDispatcher with 8 workers.
[PhysX] Initialized MultithreadedTaskDispatcher with 8 workers.
 -> (artifact id: 'db4ef138eb4b15c523f1b82c116a7852') in 0.085306 seconds
Number of updated asset objects reloaded before import = 0
Number of asset objects unloaded after import = 2
========================================================================
Received Import Request.
  Time since last request: 0.000859 seconds.
  path: Assets/Finished/3D-Models/DeKinderspelen/3D - Wall Lamp/3D - Wall Lamp/2_lamp_support/Material.001-metallic.png
  artifactKey: Guid(295e71c007c670e47bb1051a9eec51b1) Importer(815301076,1909f56bfc062723c751e8b465ee728b)
Start importing Assets/Finished/3D-Models/DeKinderspelen/3D - Wall Lamp/3D - Wall Lamp/2_lamp_support/Material.001-metallic.png using Guid(295e71c007c670e47bb1051a9eec51b1) Importer(815301076,1909f56bfc062723c751e8b465ee728b) [PhysX] Initialized MultithreadedTaskDispatcher with 8 workers.
[PhysX] Initialized MultithreadedTaskDispatcher with 8 workers.
 -> (artifact id: '020c97607097e401126cbb8c3932f31e') in 0.010101 seconds
Number of updated asset objects reloaded before import = 0
Number of asset objects unloaded after import = 2
========================================================================
Received Import Request.
  Time since last request: 0.001519 seconds.
  path: Assets/Finished/3D-Models/DeKinderspelen/3D - Wall Lamp/3D - Wall Lamp/2_lamp_support/Material.001-roughness.png
  artifactKey: Guid(46064ea0fb002b04a8097c42dfabb23e) Importer(815301076,1909f56bfc062723c751e8b465ee728b)
Start importing Assets/Finished/3D-Models/DeKinderspelen/3D - Wall Lamp/3D - Wall Lamp/2_lamp_support/Material.001-roughness.png using Guid(46064ea0fb002b04a8097c42dfabb23e) Importer(815301076,1909f56bfc062723c751e8b465ee728b) [PhysX] Initialized MultithreadedTaskDispatcher with 8 workers.
[PhysX] Initialized MultithreadedTaskDispatcher with 8 workers.
 -> (artifact id: '81e208bcd23de472a32a2804870bab5c') in 0.008690 seconds
Number of updated asset objects reloaded before import = 0
Number of asset objects unloaded after import = 2
========================================================================
Received Import Request.
  Time since last request: 5.845586 seconds.
  path: Packages/com.unity.probuilder/Content/Icons/Toolbar/Selection_SelectByMaterial_disabled.png
  artifactKey: Guid(07b70a092b6df4d37add639c429acb2b) Importer(815301076,1909f56bfc062723c751e8b465ee728b)
Start importing Packages/com.unity.probuilder/Content/Icons/Toolbar/Selection_SelectByMaterial_disabled.png using Guid(07b70a092b6df4d37add639c429acb2b) Importer(815301076,1909f56bfc062723c751e8b465ee728b) [PhysX] Initialized MultithreadedTaskDispatcher with 8 workers.
[PhysX] Initialized MultithreadedTaskDispatcher with 8 workers.
 -> (artifact id: 'ac48f401e4ecb847c90d03ea2b06bd68') in 0.230756 seconds
Number of updated asset objects reloaded before import = 0
Number of asset objects unloaded after import = 2
========================================================================
Received Import Request.
  Time since last request: 0.193193 seconds.
  path: Assets/BathroomPack/Textures/Sink/Sink_DefaultMaterial_Normal.png
  artifactKey: Guid(e4acb51240f93994388671647a74650c) Importer(815301076,1909f56bfc062723c751e8b465ee728b)
Start importing Assets/BathroomPack/Textures/Sink/Sink_DefaultMaterial_Normal.png using Guid(e4acb51240f93994388671647a74650c) Importer(815301076,1909f56bfc062723c751e8b465ee728b) [PhysX] Initialized MultithreadedTaskDispatcher with 8 workers.
[PhysX] Initialized MultithreadedTaskDispatcher with 8 workers.
 -> (artifact id: '66560400d42ab25c1fcb494fc2cf8227') in 0.052276 seconds
Number of updated asset objects reloaded before import = 0
Number of asset objects unloaded after import = 2
========================================================================
Received Import Request.
  Time since last request: 0.000337 seconds.
  path: Assets/BathroomPack/Textures/ToiletBrush/ToiletBrush_DefaultMaterial_Normal.png
  artifactKey: Guid(3db21b9b55223044abc95c6a65f0a1f4) Importer(815301076,1909f56bfc062723c751e8b465ee728b)
Start importing Assets/BathroomPack/Textures/ToiletBrush/ToiletBrush_DefaultMaterial_Normal.png using Guid(3db21b9b55223044abc95c6a65f0a1f4) Importer(815301076,1909f56bfc062723c751e8b465ee728b) [PhysX] Initialized MultithreadedTaskDispatcher with 8 workers.
[PhysX] Initialized MultithreadedTaskDispatcher with 8 workers.
 -> (artifact id: 'a90dca31b9c3b0aa55be6b61aa9bfe2c') in 0.011793 seconds
Number of updated asset objects reloaded before import = 0
Number of asset objects unloaded after import = 2
========================================================================
Received Import Request.
  Time since last request: 0.000164 seconds.
  path: Assets/BathroomPack/Textures/ToiletPaper/ToiletRoll_DefaultMaterial_Normal.png
  artifactKey: Guid(5129287b3598ac54fae156d9c69f8a5c) Importer(815301076,1909f56bfc062723c751e8b465ee728b)
Start importing Assets/BathroomPack/Textures/ToiletPaper/ToiletRoll_DefaultMaterial_Normal.png using Guid(5129287b3598ac54fae156d9c69f8a5c) Importer(815301076,1909f56bfc062723c751e8b465ee728b) [PhysX] Initialized MultithreadedTaskDispatcher with 8 workers.
[PhysX] Initialized MultithreadedTaskDispatcher with 8 workers.
 -> (artifact id: '743e72129dc11b2fd8bfaab4482eeca3') in 0.015201 seconds
Number of updated asset objects reloaded before import = 0
Number of asset objects unloaded after import = 2
Editor requested this worker to shutdown with reason: Scaling down because of idle timeout
TcpMessagingSession - receive error: operation aborted. errorcode: 89, details: Operation aborted.
AssetImportWorker is now disconnected from the server
Process exiting
